// Jest Snapshot v1, https://goo.gl/fbAQLP

exports[`screen: Home matches snapshot 1`] = `
<div
  id="Layout"
/>
`;
